<p><img src="https://media.gqmagazine.fr/photos/5bb5a42b46d32e001186b6b5/16:9/w_1280,c_limit/Rambo_Fist_blood_-_017photo1.jpg" alt="" /></p>

<p>John Rambo having a coffee.</p>

<h1 id="heading-1">Heading 1</h1>

<p>Lorem ipsum dolor sit amet, consectetur adipiscing elit. Nulla quis neque vel odio lobortis posuere nec sit amet erat. Morbi congue velit quis ante accumsan volutpat. Nam ornare enim eu metus consectetur facilisis. Lorem ipsum dolor sit amet, consectetur adipiscing elit. Quisque ut convallis erat, eget egestas magna. Nunc non orci at ante placerat pretium in id justo. Morbi a mattis lacus. Nulla tempus, massa a cursus porta, risus leo varius urna, euismod tristique ante metus vitae lacus.</p>

<h2 id="heading-2">Heading 2</h2>

<p>Lorem ipsum dolor sit amet, consectetur adipiscing elit. Nulla quis neque vel odio lobortis posuere nec sit amet erat. Morbi congue velit quis ante accumsan volutpat. Nam ornare enim eu metus consectetur facilisis. Lorem ipsum dolor sit amet, consectetur adipiscing elit. Quisque ut convallis erat, eget egestas magna. Nunc non orci at ante placerat pretium in id justo. Morbi a mattis lacus. Nulla tempus, massa a cursus porta, risus leo varius urna, euismod tristique ante metus vitae lacus.</p>

<h3 id="heading-3">Heading 3</h3>

<p>Lorem ipsum dolor sit amet, consectetur adipiscing elit. Nulla quis neque vel odio lobortis</p>

<h3 id="lists">Lists</h3>

<ul>
  <li>item 1</li>
  <li>item 2</li>
  <li>item 3</li>
</ul>

<ol>
  <li>item 1</li>
  <li>item 2</li>
  <li>item 3</li>
</ol>

<h3 id="nested-lists">Nested Lists</h3>

<ul>
  <li>item 1
    <ul>
      <li>item 2
        <ul>
          <li>item 3</li>
        </ul>
      </li>
      <li>item 4</li>
    </ul>
  </li>
</ul>

<ol>
  <li>item 1
    <ol>
      <li>item 2
        <ol>
          <li>item 3</li>
        </ol>
      </li>
      <li>item 4</li>
    </ol>
  </li>
</ol>

<h3 id="quotes">Quotes</h3>

<blockquote>
  <p>Blablabla. This is a very large quote. Lorem ipsum dolor sit amet, consectetur adipiscing elit. Nulla quis neque vel odio lobortis posuere nec sit amet erat. Morbi congue velit quis ante accumsan volutpat. Nam ornare enim eu metus consectetur facilisis. Lorem ipsum dolor sit amet, consectetur adipiscing elit. Quisque ut convallis erat, eget egestas magna. Nunc non orci at ante placerat pretium in id justo. Morbi a mattis lacus. Nulla tempus, massa a cursus porta, risus leo varius urna, euismod tristique ante metus vitae lacus.</p>
</blockquote>

<h3 id="callout">Callout</h3>

<blockquote>
  <p>ðŸ’¡ Callout.  Lorem ipsum dolor sit amet, consectetur adipiscing elit. Nulla quis neque vel odio lobortis posuere nec sit amet erat. Morbi congue velit quis ante accumsan volutpat. Nam ornare enim eu metus consectetur facilisis. Lorem ipsum dolor sit amet, consectetur adipiscing elit. Quisque ut convallis erat, eget egestas magna. Nunc non orci at ante placerat pretium in id justo. Morbi a mattis lacus. Nulla tempus, massa a cursus porta, risus leo varius urna, euismod tristique ante metus vitae lacus.</p>
</blockquote>

<h3 id="embed">Embed</h3>

<p><a href="https://www.google.com/maps/place/Guadalajara,+Jal.,+M%C3%A9xico/@20.6737883,-103.3704326,13z/data=!3m1!4b1!4m5!3m4!1s0x8428b18cb52fd39b:0xd63d9302bf865750!8m2!3d20.6596988!4d-103.3496092">https://www.google.com/maps/place/Guadalajara,+Jal.,+M%C3%A9xico/@20.6737883,-103.3704326,13z/data=!3m1!4b1!4m5!3m4!1s0x8428b18cb52fd39b:0xd63d9302bf865750!8m2!3d20.6596988!4d-103.3496092</a></p>

<h3 id="bookmark">Bookmark</h3>

<p><a href="https://enriq.me">https://enriq.me</a></p>

<hr />

<p>This is an equation: $<code class="language-plaintext highlighter-rouge">E=mc^2</code>$.</p>

<h3 id="links">Links</h3>

<p><a href="https://google.fr/">Lorem ipsum dolor sit amet</a>, consectetur adipiscing elit. <a href="https://git.postgresql.org/gitweb/?p=postgresql.git;a=blob;f=src/bin/initdb/initdb.c;h=c854221a30602c5a1e5abf73b0942b263859d715;hb=HEAD#l3193">Nulla quis neque vel odio</a> lobortis posuere nec sit amet erat. <a href="https://git.postgresql.org/gitweb/?p=postgresql.git;a=blob;f=src/bin/initdb/initdb.c;h=c854221a30602c5a1e5abf73b0942b263859d715;hb=HEAD#l3193">Morbi congue velit quis</a> ante accumsan volutpat. Nam ornare enim eu metus consectetur facilisis. Lorem ipsum dolor sit amet, consectetur adipiscing elit. Quisque ut convallis erat, eget egestas magna. Nunc non orci at ante placerat pretium in id justo. Morbi a mattis lacus. <a href="https://swile.co/">Nulla tempus, massa a cursus porta, risus leo varius urna, euismod tristique ante metus vitae lacus</a>.</p>

<h3 id="code">Code</h3>

<div class="language-javascript highlighter-rouge"><div class="highlight"><pre class="highlight"><code><span class="kd">function</span> <span class="nf">fn</span><span class="p">(</span><span class="nx">a</span><span class="p">)</span> <span class="p">{</span>
	<span class="k">return</span> <span class="nx">a</span><span class="p">;</span>
<span class="p">}</span>
</code></pre></div></div>

<div class="language-text highlighter-rouge"><div class="highlight"><pre class="highlight"><code>This is a plain text
</code></pre></div></div>

<h3 id="to-do">To do</h3>

<ul class="task-list">
  <li class="task-list-item"><input type="checkbox" class="task-list-item-checkbox" disabled="disabled" checked="checked" />blabla 1</li>
  <li class="task-list-item"><input type="checkbox" class="task-list-item-checkbox" disabled="disabled" />blabla 2</li>
  <li class="task-list-item"><input type="checkbox" class="task-list-item-checkbox" disabled="disabled" />blabla 3</li>
</ul>

<p><br /></p>

<p><em>italic **</em>bold **~~strike ~~<code class="language-plaintext highlighter-rouge">inline-code </code><u>underline</u></p>

<p><br /></p>

<p><em>italic</em></p>

<p><strong>bold</strong></p>

<p><del>strike-trough</del></p>

<p><u>underline</u></p>

<p><code class="language-plaintext highlighter-rouge">inline-code</code></p>

<h3 id="tables">Tables</h3>

<table>
  <thead>
    <tr>
      <th>Â </th>
      <th>Column 1</th>
      <th>Column 1</th>
    </tr>
  </thead>
  <tbody>
    <tr>
      <td>Row 1</td>
      <td>Ã±aÃ±a</td>
      <td>blabla</td>
    </tr>
    <tr>
      <td>Row 2</td>
      <td>prupru</td>
      <td>tinonino</td>
    </tr>
  </tbody>
</table>

<h3 id="link-previews">Link previews</h3>

<p><a href="https://github.com/emoriarty/notion_to_md/pull/74">https://github.com/emoriarty/notion_to_md/pull/74</a></p>

<h3 id="files">Files</h3>

<p><a href="https://prod-files-secure.s3.us-west-2.amazonaws.com/4783548e-2442-4bf3-bb3d-ed4ddd2dcdf0/4319bd9c-96de-4b5d-953e-7d7df524d69a/sample_file.txt?X-Amz-Algorithm=AWS4-HMAC-SHA256&amp;X-Amz-Content-Sha256=UNSIGNED-PAYLOAD&amp;X-Amz-Credential=ASIAZI2LB466XCUE5RLI%2F20250906%2Fus-west-2%2Fs3%2Faws4_request&amp;X-Amz-Date=20250906T060316Z&amp;X-Amz-Expires=3600&amp;X-Amz-Security-Token=IQoJb3JpZ2luX2VjEB4aCXVzLXdlc3QtMiJGMEQCIGzzDgLXZisA%2F5ONEQAJHubD%2FUOhVfCf%2B0r0GqHQUwIqAiAHaqzyl81UGaN6XpO09eFmLJ%2BnAPVyIJi4A7u4piPIEiqIBAiH%2F%2F%2F%2F%2F%2F%2F%2F%2F%2F8BEAAaDDYzNzQyMzE4MzgwNSIMWlR4QKrQEe%2B3H%2FmRKtwDb0qLKHz1iWq8cs4E8koTraQlvGiyj0w6AHxnFn9tJvsgD2HRUq6m7pSw6aMBayUfVb1erFJRLvykC7UzUhWIKKlb6fUHp0%2BFf12f0yjQCTJV0%2BB3xos4ElTsT5CxbcFtv9scMjlLwbTSd1ROBN2c3J7sw%2BeKyE%2BJ0Kqm2leQt93NFdDBKPO7CFpRFQY1JOBE%2B2w9KhjggYLNvg%2BM7QKJ2cwe7nCajbeNXWktY2YU3J59GEjHyl3h81bGzkV%2BOaePdLlXDA7iM605guUuUUzR3Dh2zQBVttYI3kR1FBf2ACs6%2Bi860sS%2BF0nlzcSu%2FYXONZNyrBAYmLVMvbgZ1YsHCUxWseQolSxJwJ2kL7rmmxbck5Bc2sKCW5GQ6fnygazi7nym14BunxlbDF4JepKReOWYH7bAvJbnTYJj1SxbGurynxJjaJp8SkVW7uZ5aQZFt8ybYuQQOursc8upARy71b95Cytbuu3xDI2vdU09r%2Bibf3%2BSpwl2xfvXJHSuqDygyimQsYdvWEmL8XPZxcg1vYW0jvGIsXI8e6%2FWHQ3kgwLKegsygD5KZcu2y%2BARrIxCdK9yXIq8DCIQBd5c1DmKQiXEPXG5QaWBF8A5CQtOL5vlRHS4NyzJ74ED61cw1Y3vxQY6pgGth7LZwNjHIJQehURPP95JQaVk3V%2FruBVdG7aLvlCUzEFp3M0cjJXlJrpCBhfWvMvjtNxb3cCibuyuDtBGbMJIYBU0c5KLZO5Ud6SJrUi26TxQvYzmzdESfXQqk14sP%2BCQcDDIjXii%2FRWkjeGxjfc7BKvSt3C6zoI1d%2BM2AG8VN6p6HBq0xV9wJIa%2BxbSOPMQQDGlBks7tp145SWXSxO9rpYBhKYAv&amp;X-Amz-Signature=642fc9bfa8b0ddf38ec76f7513f9a24fd99dad2a0372439c5b3cd4ac58149797&amp;X-Amz-SignedHeaders=host&amp;x-amz-checksum-mode=ENABLED&amp;x-id=GetObject">https://prod-files-secure.s3.us-west-2.amazonaws.com/4783548e-2442-4bf3-bb3d-ed4ddd2dcdf0/4319bd9c-96de-4b5d-953e-7d7df524d69a/sample_file.txt?X-Amz-Algorithm=AWS4-HMAC-SHA256&amp;X-Amz-Content-Sha256=UNSIGNED-PAYLOAD&amp;X-Amz-Credential=ASIAZI2LB466XCUE5RLI%2F20250906%2Fus-west-2%2Fs3%2Faws4_request&amp;X-Amz-Date=20250906T060316Z&amp;X-Amz-Expires=3600&amp;X-Amz-Security-Token=IQoJb3JpZ2luX2VjEB4aCXVzLXdlc3QtMiJGMEQCIGzzDgLXZisA%2F5ONEQAJHubD%2FUOhVfCf%2B0r0GqHQUwIqAiAHaqzyl81UGaN6XpO09eFmLJ%2BnAPVyIJi4A7u4piPIEiqIBAiH%2F%2F%2F%2F%2F%2F%2F%2F%2F%2F8BEAAaDDYzNzQyMzE4MzgwNSIMWlR4QKrQEe%2B3H%2FmRKtwDb0qLKHz1iWq8cs4E8koTraQlvGiyj0w6AHxnFn9tJvsgD2HRUq6m7pSw6aMBayUfVb1erFJRLvykC7UzUhWIKKlb6fUHp0%2BFf12f0yjQCTJV0%2BB3xos4ElTsT5CxbcFtv9scMjlLwbTSd1ROBN2c3J7sw%2BeKyE%2BJ0Kqm2leQt93NFdDBKPO7CFpRFQY1JOBE%2B2w9KhjggYLNvg%2BM7QKJ2cwe7nCajbeNXWktY2YU3J59GEjHyl3h81bGzkV%2BOaePdLlXDA7iM605guUuUUzR3Dh2zQBVttYI3kR1FBf2ACs6%2Bi860sS%2BF0nlzcSu%2FYXONZNyrBAYmLVMvbgZ1YsHCUxWseQolSxJwJ2kL7rmmxbck5Bc2sKCW5GQ6fnygazi7nym14BunxlbDF4JepKReOWYH7bAvJbnTYJj1SxbGurynxJjaJp8SkVW7uZ5aQZFt8ybYuQQOursc8upARy71b95Cytbuu3xDI2vdU09r%2Bibf3%2BSpwl2xfvXJHSuqDygyimQsYdvWEmL8XPZxcg1vYW0jvGIsXI8e6%2FWHQ3kgwLKegsygD5KZcu2y%2BARrIxCdK9yXIq8DCIQBd5c1DmKQiXEPXG5QaWBF8A5CQtOL5vlRHS4NyzJ74ED61cw1Y3vxQY6pgGth7LZwNjHIJQehURPP95JQaVk3V%2FruBVdG7aLvlCUzEFp3M0cjJXlJrpCBhfWvMvjtNxb3cCibuyuDtBGbMJIYBU0c5KLZO5Ud6SJrUi26TxQvYzmzdESfXQqk14sP%2BCQcDDIjXii%2FRWkjeGxjfc7BKvSt3C6zoI1d%2BM2AG8VN6p6HBq0xV9wJIa%2BxbSOPMQQDGlBks7tp145SWXSxO9rpYBhKYAv&amp;X-Amz-Signature=642fc9bfa8b0ddf38ec76f7513f9a24fd99dad2a0372439c5b3cd4ac58149797&amp;X-Amz-SignedHeaders=host&amp;x-amz-checksum-mode=ENABLED&amp;x-id=GetObject</a></p>

<p>sample caption</p>

<p><a href="https://prod-files-secure.s3.us-west-2.amazonaws.com/4783548e-2442-4bf3-bb3d-ed4ddd2dcdf0/cb172387-5605-4385-80b7-28bfe98b1d74/sample_file.zip?X-Amz-Algorithm=AWS4-HMAC-SHA256&amp;X-Amz-Content-Sha256=UNSIGNED-PAYLOAD&amp;X-Amz-Credential=ASIAZI2LB466XCUE5RLI%2F20250906%2Fus-west-2%2Fs3%2Faws4_request&amp;X-Amz-Date=20250906T060316Z&amp;X-Amz-Expires=3600&amp;X-Amz-Security-Token=IQoJb3JpZ2luX2VjEB4aCXVzLXdlc3QtMiJGMEQCIGzzDgLXZisA%2F5ONEQAJHubD%2FUOhVfCf%2B0r0GqHQUwIqAiAHaqzyl81UGaN6XpO09eFmLJ%2BnAPVyIJi4A7u4piPIEiqIBAiH%2F%2F%2F%2F%2F%2F%2F%2F%2F%2F8BEAAaDDYzNzQyMzE4MzgwNSIMWlR4QKrQEe%2B3H%2FmRKtwDb0qLKHz1iWq8cs4E8koTraQlvGiyj0w6AHxnFn9tJvsgD2HRUq6m7pSw6aMBayUfVb1erFJRLvykC7UzUhWIKKlb6fUHp0%2BFf12f0yjQCTJV0%2BB3xos4ElTsT5CxbcFtv9scMjlLwbTSd1ROBN2c3J7sw%2BeKyE%2BJ0Kqm2leQt93NFdDBKPO7CFpRFQY1JOBE%2B2w9KhjggYLNvg%2BM7QKJ2cwe7nCajbeNXWktY2YU3J59GEjHyl3h81bGzkV%2BOaePdLlXDA7iM605guUuUUzR3Dh2zQBVttYI3kR1FBf2ACs6%2Bi860sS%2BF0nlzcSu%2FYXONZNyrBAYmLVMvbgZ1YsHCUxWseQolSxJwJ2kL7rmmxbck5Bc2sKCW5GQ6fnygazi7nym14BunxlbDF4JepKReOWYH7bAvJbnTYJj1SxbGurynxJjaJp8SkVW7uZ5aQZFt8ybYuQQOursc8upARy71b95Cytbuu3xDI2vdU09r%2Bibf3%2BSpwl2xfvXJHSuqDygyimQsYdvWEmL8XPZxcg1vYW0jvGIsXI8e6%2FWHQ3kgwLKegsygD5KZcu2y%2BARrIxCdK9yXIq8DCIQBd5c1DmKQiXEPXG5QaWBF8A5CQtOL5vlRHS4NyzJ74ED61cw1Y3vxQY6pgGth7LZwNjHIJQehURPP95JQaVk3V%2FruBVdG7aLvlCUzEFp3M0cjJXlJrpCBhfWvMvjtNxb3cCibuyuDtBGbMJIYBU0c5KLZO5Ud6SJrUi26TxQvYzmzdESfXQqk14sP%2BCQcDDIjXii%2FRWkjeGxjfc7BKvSt3C6zoI1d%2BM2AG8VN6p6HBq0xV9wJIa%2BxbSOPMQQDGlBks7tp145SWXSxO9rpYBhKYAv&amp;X-Amz-Signature=1a9e55dbea6d0c2e117bd3e75166a77fc55d6689369d7f7ecaec5ebe8b41f514&amp;X-Amz-SignedHeaders=host&amp;x-amz-checksum-mode=ENABLED&amp;x-id=GetObject">https://prod-files-secure.s3.us-west-2.amazonaws.com/4783548e-2442-4bf3-bb3d-ed4ddd2dcdf0/cb172387-5605-4385-80b7-28bfe98b1d74/sample_file.zip?X-Amz-Algorithm=AWS4-HMAC-SHA256&amp;X-Amz-Content-Sha256=UNSIGNED-PAYLOAD&amp;X-Amz-Credential=ASIAZI2LB466XCUE5RLI%2F20250906%2Fus-west-2%2Fs3%2Faws4_request&amp;X-Amz-Date=20250906T060316Z&amp;X-Amz-Expires=3600&amp;X-Amz-Security-Token=IQoJb3JpZ2luX2VjEB4aCXVzLXdlc3QtMiJGMEQCIGzzDgLXZisA%2F5ONEQAJHubD%2FUOhVfCf%2B0r0GqHQUwIqAiAHaqzyl81UGaN6XpO09eFmLJ%2BnAPVyIJi4A7u4piPIEiqIBAiH%2F%2F%2F%2F%2F%2F%2F%2F%2F%2F8BEAAaDDYzNzQyMzE4MzgwNSIMWlR4QKrQEe%2B3H%2FmRKtwDb0qLKHz1iWq8cs4E8koTraQlvGiyj0w6AHxnFn9tJvsgD2HRUq6m7pSw6aMBayUfVb1erFJRLvykC7UzUhWIKKlb6fUHp0%2BFf12f0yjQCTJV0%2BB3xos4ElTsT5CxbcFtv9scMjlLwbTSd1ROBN2c3J7sw%2BeKyE%2BJ0Kqm2leQt93NFdDBKPO7CFpRFQY1JOBE%2B2w9KhjggYLNvg%2BM7QKJ2cwe7nCajbeNXWktY2YU3J59GEjHyl3h81bGzkV%2BOaePdLlXDA7iM605guUuUUzR3Dh2zQBVttYI3kR1FBf2ACs6%2Bi860sS%2BF0nlzcSu%2FYXONZNyrBAYmLVMvbgZ1YsHCUxWseQolSxJwJ2kL7rmmxbck5Bc2sKCW5GQ6fnygazi7nym14BunxlbDF4JepKReOWYH7bAvJbnTYJj1SxbGurynxJjaJp8SkVW7uZ5aQZFt8ybYuQQOursc8upARy71b95Cytbuu3xDI2vdU09r%2Bibf3%2BSpwl2xfvXJHSuqDygyimQsYdvWEmL8XPZxcg1vYW0jvGIsXI8e6%2FWHQ3kgwLKegsygD5KZcu2y%2BARrIxCdK9yXIq8DCIQBd5c1DmKQiXEPXG5QaWBF8A5CQtOL5vlRHS4NyzJ74ED61cw1Y3vxQY6pgGth7LZwNjHIJQehURPP95JQaVk3V%2FruBVdG7aLvlCUzEFp3M0cjJXlJrpCBhfWvMvjtNxb3cCibuyuDtBGbMJIYBU0c5KLZO5Ud6SJrUi26TxQvYzmzdESfXQqk14sP%2BCQcDDIjXii%2FRWkjeGxjfc7BKvSt3C6zoI1d%2BM2AG8VN6p6HBq0xV9wJIa%2BxbSOPMQQDGlBks7tp145SWXSxO9rpYBhKYAv&amp;X-Amz-Signature=1a9e55dbea6d0c2e117bd3e75166a77fc55d6689369d7f7ecaec5ebe8b41f514&amp;X-Amz-SignedHeaders=host&amp;x-amz-checksum-mode=ENABLED&amp;x-id=GetObject</a></p>

<h3 id="pdf">PDF</h3>

<p><a href="https://www.w3.org/WAI/ER/tests/xhtml/testfiles/resources/pdf/dummy.pdf">https://www.w3.org/WAI/ER/tests/xhtml/testfiles/resources/pdf/dummy.pdf</a></p>

<p>dummy caption</p>

<p><a href="https://prod-files-secure.s3.us-west-2.amazonaws.com/4783548e-2442-4bf3-bb3d-ed4ddd2dcdf0/a611f8cd-657f-44c9-a9d6-381c408aa0ea/dummy.pdf?X-Amz-Algorithm=AWS4-HMAC-SHA256&amp;X-Amz-Content-Sha256=UNSIGNED-PAYLOAD&amp;X-Amz-Credential=ASIAZI2LB466XCUE5RLI%2F20250906%2Fus-west-2%2Fs3%2Faws4_request&amp;X-Amz-Date=20250906T060316Z&amp;X-Amz-Expires=3600&amp;X-Amz-Security-Token=IQoJb3JpZ2luX2VjEB4aCXVzLXdlc3QtMiJGMEQCIGzzDgLXZisA%2F5ONEQAJHubD%2FUOhVfCf%2B0r0GqHQUwIqAiAHaqzyl81UGaN6XpO09eFmLJ%2BnAPVyIJi4A7u4piPIEiqIBAiH%2F%2F%2F%2F%2F%2F%2F%2F%2F%2F8BEAAaDDYzNzQyMzE4MzgwNSIMWlR4QKrQEe%2B3H%2FmRKtwDb0qLKHz1iWq8cs4E8koTraQlvGiyj0w6AHxnFn9tJvsgD2HRUq6m7pSw6aMBayUfVb1erFJRLvykC7UzUhWIKKlb6fUHp0%2BFf12f0yjQCTJV0%2BB3xos4ElTsT5CxbcFtv9scMjlLwbTSd1ROBN2c3J7sw%2BeKyE%2BJ0Kqm2leQt93NFdDBKPO7CFpRFQY1JOBE%2B2w9KhjggYLNvg%2BM7QKJ2cwe7nCajbeNXWktY2YU3J59GEjHyl3h81bGzkV%2BOaePdLlXDA7iM605guUuUUzR3Dh2zQBVttYI3kR1FBf2ACs6%2Bi860sS%2BF0nlzcSu%2FYXONZNyrBAYmLVMvbgZ1YsHCUxWseQolSxJwJ2kL7rmmxbck5Bc2sKCW5GQ6fnygazi7nym14BunxlbDF4JepKReOWYH7bAvJbnTYJj1SxbGurynxJjaJp8SkVW7uZ5aQZFt8ybYuQQOursc8upARy71b95Cytbuu3xDI2vdU09r%2Bibf3%2BSpwl2xfvXJHSuqDygyimQsYdvWEmL8XPZxcg1vYW0jvGIsXI8e6%2FWHQ3kgwLKegsygD5KZcu2y%2BARrIxCdK9yXIq8DCIQBd5c1DmKQiXEPXG5QaWBF8A5CQtOL5vlRHS4NyzJ74ED61cw1Y3vxQY6pgGth7LZwNjHIJQehURPP95JQaVk3V%2FruBVdG7aLvlCUzEFp3M0cjJXlJrpCBhfWvMvjtNxb3cCibuyuDtBGbMJIYBU0c5KLZO5Ud6SJrUi26TxQvYzmzdESfXQqk14sP%2BCQcDDIjXii%2FRWkjeGxjfc7BKvSt3C6zoI1d%2BM2AG8VN6p6HBq0xV9wJIa%2BxbSOPMQQDGlBks7tp145SWXSxO9rpYBhKYAv&amp;X-Amz-Signature=816e9eb079167cfdbe3026d9e9a46ad27e2fbb55fea6d2591d75c4cd698c0881&amp;X-Amz-SignedHeaders=host&amp;x-amz-checksum-mode=ENABLED&amp;x-id=GetObject">https://prod-files-secure.s3.us-west-2.amazonaws.com/4783548e-2442-4bf3-bb3d-ed4ddd2dcdf0/a611f8cd-657f-44c9-a9d6-381c408aa0ea/dummy.pdf?X-Amz-Algorithm=AWS4-HMAC-SHA256&amp;X-Amz-Content-Sha256=UNSIGNED-PAYLOAD&amp;X-Amz-Credential=ASIAZI2LB466XCUE5RLI%2F20250906%2Fus-west-2%2Fs3%2Faws4_request&amp;X-Amz-Date=20250906T060316Z&amp;X-Amz-Expires=3600&amp;X-Amz-Security-Token=IQoJb3JpZ2luX2VjEB4aCXVzLXdlc3QtMiJGMEQCIGzzDgLXZisA%2F5ONEQAJHubD%2FUOhVfCf%2B0r0GqHQUwIqAiAHaqzyl81UGaN6XpO09eFmLJ%2BnAPVyIJi4A7u4piPIEiqIBAiH%2F%2F%2F%2F%2F%2F%2F%2F%2F%2F8BEAAaDDYzNzQyMzE4MzgwNSIMWlR4QKrQEe%2B3H%2FmRKtwDb0qLKHz1iWq8cs4E8koTraQlvGiyj0w6AHxnFn9tJvsgD2HRUq6m7pSw6aMBayUfVb1erFJRLvykC7UzUhWIKKlb6fUHp0%2BFf12f0yjQCTJV0%2BB3xos4ElTsT5CxbcFtv9scMjlLwbTSd1ROBN2c3J7sw%2BeKyE%2BJ0Kqm2leQt93NFdDBKPO7CFpRFQY1JOBE%2B2w9KhjggYLNvg%2BM7QKJ2cwe7nCajbeNXWktY2YU3J59GEjHyl3h81bGzkV%2BOaePdLlXDA7iM605guUuUUzR3Dh2zQBVttYI3kR1FBf2ACs6%2Bi860sS%2BF0nlzcSu%2FYXONZNyrBAYmLVMvbgZ1YsHCUxWseQolSxJwJ2kL7rmmxbck5Bc2sKCW5GQ6fnygazi7nym14BunxlbDF4JepKReOWYH7bAvJbnTYJj1SxbGurynxJjaJp8SkVW7uZ5aQZFt8ybYuQQOursc8upARy71b95Cytbuu3xDI2vdU09r%2Bibf3%2BSpwl2xfvXJHSuqDygyimQsYdvWEmL8XPZxcg1vYW0jvGIsXI8e6%2FWHQ3kgwLKegsygD5KZcu2y%2BARrIxCdK9yXIq8DCIQBd5c1DmKQiXEPXG5QaWBF8A5CQtOL5vlRHS4NyzJ74ED61cw1Y3vxQY6pgGth7LZwNjHIJQehURPP95JQaVk3V%2FruBVdG7aLvlCUzEFp3M0cjJXlJrpCBhfWvMvjtNxb3cCibuyuDtBGbMJIYBU0c5KLZO5Ud6SJrUi26TxQvYzmzdESfXQqk14sP%2BCQcDDIjXii%2FRWkjeGxjfc7BKvSt3C6zoI1d%2BM2AG8VN6p6HBq0xV9wJIa%2BxbSOPMQQDGlBks7tp145SWXSxO9rpYBhKYAv&amp;X-Amz-Signature=816e9eb079167cfdbe3026d9e9a46ad27e2fbb55fea6d2591d75c4cd698c0881&amp;X-Amz-SignedHeaders=host&amp;x-amz-checksum-mode=ENABLED&amp;x-id=GetObject</a></p>

<h3 id="videos">Videos</h3>

<p><a href="https://prod-files-secure.s3.us-west-2.amazonaws.com/4783548e-2442-4bf3-bb3d-ed4ddd2dcdf0/240102e7-3354-498f-9490-2dc9ad59e7dd/file_example_MP4_480_1_5MG.mp4?X-Amz-Algorithm=AWS4-HMAC-SHA256&amp;X-Amz-Content-Sha256=UNSIGNED-PAYLOAD&amp;X-Amz-Credential=ASIAZI2LB466XCUE5RLI%2F20250906%2Fus-west-2%2Fs3%2Faws4_request&amp;X-Amz-Date=20250906T060316Z&amp;X-Amz-Expires=3600&amp;X-Amz-Security-Token=IQoJb3JpZ2luX2VjEB4aCXVzLXdlc3QtMiJGMEQCIGzzDgLXZisA%2F5ONEQAJHubD%2FUOhVfCf%2B0r0GqHQUwIqAiAHaqzyl81UGaN6XpO09eFmLJ%2BnAPVyIJi4A7u4piPIEiqIBAiH%2F%2F%2F%2F%2F%2F%2F%2F%2F%2F8BEAAaDDYzNzQyMzE4MzgwNSIMWlR4QKrQEe%2B3H%2FmRKtwDb0qLKHz1iWq8cs4E8koTraQlvGiyj0w6AHxnFn9tJvsgD2HRUq6m7pSw6aMBayUfVb1erFJRLvykC7UzUhWIKKlb6fUHp0%2BFf12f0yjQCTJV0%2BB3xos4ElTsT5CxbcFtv9scMjlLwbTSd1ROBN2c3J7sw%2BeKyE%2BJ0Kqm2leQt93NFdDBKPO7CFpRFQY1JOBE%2B2w9KhjggYLNvg%2BM7QKJ2cwe7nCajbeNXWktY2YU3J59GEjHyl3h81bGzkV%2BOaePdLlXDA7iM605guUuUUzR3Dh2zQBVttYI3kR1FBf2ACs6%2Bi860sS%2BF0nlzcSu%2FYXONZNyrBAYmLVMvbgZ1YsHCUxWseQolSxJwJ2kL7rmmxbck5Bc2sKCW5GQ6fnygazi7nym14BunxlbDF4JepKReOWYH7bAvJbnTYJj1SxbGurynxJjaJp8SkVW7uZ5aQZFt8ybYuQQOursc8upARy71b95Cytbuu3xDI2vdU09r%2Bibf3%2BSpwl2xfvXJHSuqDygyimQsYdvWEmL8XPZxcg1vYW0jvGIsXI8e6%2FWHQ3kgwLKegsygD5KZcu2y%2BARrIxCdK9yXIq8DCIQBd5c1DmKQiXEPXG5QaWBF8A5CQtOL5vlRHS4NyzJ74ED61cw1Y3vxQY6pgGth7LZwNjHIJQehURPP95JQaVk3V%2FruBVdG7aLvlCUzEFp3M0cjJXlJrpCBhfWvMvjtNxb3cCibuyuDtBGbMJIYBU0c5KLZO5Ud6SJrUi26TxQvYzmzdESfXQqk14sP%2BCQcDDIjXii%2FRWkjeGxjfc7BKvSt3C6zoI1d%2BM2AG8VN6p6HBq0xV9wJIa%2BxbSOPMQQDGlBks7tp145SWXSxO9rpYBhKYAv&amp;X-Amz-Signature=dd70c768c6626d92b80e817818f79c94697e6abac245c930047c08b68b76da04&amp;X-Amz-SignedHeaders=host&amp;x-amz-checksum-mode=ENABLED&amp;x-id=GetObject">https://prod-files-secure.s3.us-west-2.amazonaws.com/4783548e-2442-4bf3-bb3d-ed4ddd2dcdf0/240102e7-3354-498f-9490-2dc9ad59e7dd/file_example_MP4_480_1_5MG.mp4?X-Amz-Algorithm=AWS4-HMAC-SHA256&amp;X-Amz-Content-Sha256=UNSIGNED-PAYLOAD&amp;X-Amz-Credential=ASIAZI2LB466XCUE5RLI%2F20250906%2Fus-west-2%2Fs3%2Faws4_request&amp;X-Amz-Date=20250906T060316Z&amp;X-Amz-Expires=3600&amp;X-Amz-Security-Token=IQoJb3JpZ2luX2VjEB4aCXVzLXdlc3QtMiJGMEQCIGzzDgLXZisA%2F5ONEQAJHubD%2FUOhVfCf%2B0r0GqHQUwIqAiAHaqzyl81UGaN6XpO09eFmLJ%2BnAPVyIJi4A7u4piPIEiqIBAiH%2F%2F%2F%2F%2F%2F%2F%2F%2F%2F8BEAAaDDYzNzQyMzE4MzgwNSIMWlR4QKrQEe%2B3H%2FmRKtwDb0qLKHz1iWq8cs4E8koTraQlvGiyj0w6AHxnFn9tJvsgD2HRUq6m7pSw6aMBayUfVb1erFJRLvykC7UzUhWIKKlb6fUHp0%2BFf12f0yjQCTJV0%2BB3xos4ElTsT5CxbcFtv9scMjlLwbTSd1ROBN2c3J7sw%2BeKyE%2BJ0Kqm2leQt93NFdDBKPO7CFpRFQY1JOBE%2B2w9KhjggYLNvg%2BM7QKJ2cwe7nCajbeNXWktY2YU3J59GEjHyl3h81bGzkV%2BOaePdLlXDA7iM605guUuUUzR3Dh2zQBVttYI3kR1FBf2ACs6%2Bi860sS%2BF0nlzcSu%2FYXONZNyrBAYmLVMvbgZ1YsHCUxWseQolSxJwJ2kL7rmmxbck5Bc2sKCW5GQ6fnygazi7nym14BunxlbDF4JepKReOWYH7bAvJbnTYJj1SxbGurynxJjaJp8SkVW7uZ5aQZFt8ybYuQQOursc8upARy71b95Cytbuu3xDI2vdU09r%2Bibf3%2BSpwl2xfvXJHSuqDygyimQsYdvWEmL8XPZxcg1vYW0jvGIsXI8e6%2FWHQ3kgwLKegsygD5KZcu2y%2BARrIxCdK9yXIq8DCIQBd5c1DmKQiXEPXG5QaWBF8A5CQtOL5vlRHS4NyzJ74ED61cw1Y3vxQY6pgGth7LZwNjHIJQehURPP95JQaVk3V%2FruBVdG7aLvlCUzEFp3M0cjJXlJrpCBhfWvMvjtNxb3cCibuyuDtBGbMJIYBU0c5KLZO5Ud6SJrUi26TxQvYzmzdESfXQqk14sP%2BCQcDDIjXii%2FRWkjeGxjfc7BKvSt3C6zoI1d%2BM2AG8VN6p6HBq0xV9wJIa%2BxbSOPMQQDGlBks7tp145SWXSxO9rpYBhKYAv&amp;X-Amz-Signature=dd70c768c6626d92b80e817818f79c94697e6abac245c930047c08b68b76da04&amp;X-Amz-SignedHeaders=host&amp;x-amz-checksum-mode=ENABLED&amp;x-id=GetObject</a></p>

<p>internal video sample</p>

<p><a href="https://www.youtube.com/watch?v=V2PRhxphH2w">https://www.youtube.com/watch?v=V2PRhxphH2w</a></p>

<p>external video sample</p>

<h3 id="equations">Equations</h3>

\[e=mc^2\]

<h3 id="mentions">Mentions</h3>

<p><br /></p>

