<table>
  <tbody>
    <tr>
      <td>0.0 cell</td>
      <td>0.1 cell</td>
    </tr>
    <tr>
      <td>1.0 cell</td>
      <td>1.1 cell</td>
    </tr>
    <tr>
      <td>2.0 cell</td>
      <td>2.1 cell</td>
    </tr>
  </tbody>
</table>

<table>
  <thead>
    <tr>
      <th>header 0</th>
      <th>header 1</th>
      <th>header 2</th>
    </tr>
  </thead>
  <tbody>
    <tr>
      <td>0.0 cell</td>
      <td>1.0 cell</td>
      <td>2.0 cell</td>
    </tr>
    <tr>
      <td>0.1 cell</td>
      <td>1.1 cell</td>
      <td>2.1 cell</td>
    </tr>
  </tbody>
</table>

<table>
  <thead>
    <tr>
      <th>Â </th>
      <th>header 1</th>
      <th>header 2</th>
    </tr>
  </thead>
  <tbody>
    <tr>
      <td>row 1</td>
      <td>1.0 cell</td>
      <td>2.0 cell</td>
    </tr>
    <tr>
      <td>row 2</td>
      <td>1.1 cell</td>
      <td>2.1 cell</td>
    </tr>
  </tbody>
</table>

<p>This is a paragraph</p>

<div class="language-plaintext highlighter-rouge"><div class="highlight"><pre class="highlight"><code>and this is a nested paragraph

	with a third level nested paragraph

	&lt;br /&gt;

	&lt;br /&gt;
</code></pre></div></div>

<ul class="task-list">
  <li class="task-list-item"><input type="checkbox" class="task-list-item-checkbox" disabled="disabled" />blabla 1
    <ul class="task-list">
      <li class="task-list-item"><input type="checkbox" class="task-list-item-checkbox" disabled="disabled" />blabla 2
        <ul class="task-list">
          <li class="task-list-item"><input type="checkbox" class="task-list-item-checkbox" disabled="disabled" />blabla 5</li>
        </ul>
      </li>
      <li class="task-list-item"><input type="checkbox" class="task-list-item-checkbox" disabled="disabled" />blabla3</li>
    </ul>
  </li>
  <li class="task-list-item"><input type="checkbox" class="task-list-item-checkbox" disabled="disabled" />blabla 4</li>
</ul>

