<h1 id="heading-1">Heading 1</h1>

<p>Lorem ipsum dolor sit amet, consectetur adipiscing elit. Integer tempus semper risus, non iaculis nisi. Praesent ut magna auctor, consequat metus in, hendrerit ligula. Maecenas sagittis pulvinar metus, ut blandit ex tincidunt quis. Quisque ullamcorper urna sapien, vitae malesuada libero auctor eget. Etiam eu neque tellus. Nam et purus at orci aliquam malesuada non a libero. Vivamus at condimentum dolor. Duis blandit tincidunt quam, quis pellentesque tellus auctor in. Praesent vel ligula felis. Ut pellentesque scelerisque metus vitae vehicula. Vivamus lacinia rhoncus maximus. Duis id ligula et ex suscipit tincidunt.</p>

<h2 id="heading-2">Heading 2</h2>

<p>Donec mattis, magna at ornare laoreet, nisl nunc mollis est, vitae congue massa felis a lorem. Suspendisse et facilisis ante. Nunc sapien nunc, dictum non ex sed, accumsan dapibus orci. Morbi lacus dui, commodo eget felis id, lobortis tempus purus. Mauris viverra, est eget congue feugiat, nunc lectus imperdiet libero, vel vehicula mi mi gravida elit. Aenean mauris augue, aliquam eu quam sit amet, porttitor faucibus diam. Aenean vel dolor pellentesque, pellentesque nulla id, pretium lacus. Vivamus pretium quam et leo fermentum commodo. Quisque facilisis non est a mattis. Phasellus eget placerat urna, sit amet lacinia odio. Integer id auctor dolor, non sagittis velit. Aenean eu justo sit amet dolor gravida efficitur.</p>

<h3 id="heading-3">Heading 3</h3>

<p>Proin aliquet lobortis ex. Ut eget purus blandit, cursus diam at, tincidunt tortor. Suspendisse accumsan nulla ipsum, ac rutrum ipsum pellentesque eget. Praesent in dolor mollis, scelerisque nulla quis, viverra est. Nam ut suscipit est. Etiam in elit quis sapien tincidunt porta. Donec sed rutrum felis. Integer turpis sapien, viverra a leo id, molestie ornare metus. Nulla ac libero tincidunt, maximus neque eu, elementum lectus. Maecenas et urna at quam facilisis laoreet a sit amet tortor. Suspendisse eget maximus lacus, ac facilisis arcu. Suspendisse condimentum, mi mattis varius scelerisque, augue leo ultricies felis, sit amet feugiat leo turpis a nisi. Nulla eget enim accumsan, laoreet lectus non, faucibus lacus. Vivamus id justo nisl.</p>

<h1 id="heading-1-1">Heading 1</h1>

<p>In hac habitasse platea dictumst. Praesent et orci sapien. Morbi lobortis hendrerit tortor eu placerat. Curabitur interdum tortor et dictum hendrerit. Morbi feugiat lectus ac libero bibendum, auctor volutpat sem ultrices. Cras tincidunt congue sodales. Lorem ipsum dolor sit amet, consectetur adipiscing elit. Suspendisse et aliquam diam. Phasellus at massa nec dolor mollis laoreet. Donec elementum quam hendrerit dui sodales, id facilisis odio porttitor. Vestibulum id sollicitudin tortor. Vivamus non ex erat. Donec varius erat nec ex pharetra luctus. In sodales sagittis sollicitudin. Proin eu ullamcorper ante. Curabitur pharetra at felis eget congue.</p>

<p>la ncncsalmclasm cl;a ca a</p>

