<p>Lorem ipsum dolor sit amet, consectetur adipiscing elit. Proin nec sapien porttitor, aliquet est dignissim, dapibus libero. Integer sapien tortor, volutpat sed efficitur sit amet, sagittis ut nisi. Nunc sollicitudin condimentum finibus. Cras auctor sit amet leo at porttitor. Donec dignissim laoreet tortor, ullamcorper elementum magna aliquam a. Maecenas viverra, risus eu posuere fringilla, est odio viverra nisl, sit amet accumsan erat metus egestas massa. Suspendisse iaculis, ipsum eget viverra suscipit, tortor felis finibus nulla, at mattis odio mi tincidunt sapien. Mauris quis augue quis risus elementum dapibus eu ut leo. Etiam leo neque, eleifend sit amet rutrum in, malesuada in turpis. Donec ex justo, fringilla at cursus id, fermentum eget ante. Nam vitae sapien velit.</p>

<p>Nullam vestibulum turpis at dignissim dapibus. In nec velit finibus, egestas purus nec, accumsan enim. Maecenas in congue massa. Maecenas ipsum mauris, aliquet quis ex eu, ornare feugiat ex. Sed convallis ullamcorper ipsum, vel ullamcorper diam imperdiet vitae. Etiam efficitur neque in nibh elementum, non cursus tellus maximus. Duis magna dui, mattis vitae felis non, fringilla accumsan erat. Duis scelerisque scelerisque viverra. Sed luctus, mi suscipit bibendum luctus, sem purus dictum ante, eu cursus ipsum quam sit amet augue.</p>

<p>Praesent rhoncus enim dolor, nec tincidunt lacus mollis ut. Phasellus eu ex leo. Donec nec vulputate nisl. Fusce mattis blandit sem, ac molestie mi placerat quis. Donec lacinia enim sed nunc pulvinar mattis. Etiam dictum neque quis lacus congue pulvinar. Nam lectus purus, egestas id feugiat et, molestie sed lacus. Sed laoreet molestie dolor nec tincidunt. In imperdiet dolor sit amet elit placerat, et ullamcorper sapien rutrum. Sed elit tellus, rhoncus id erat in, lobortis volutpat ex. Nullam sit amet commodo lectus, vitae finibus augue. Integer venenatis lectus ut placerat maximus. Etiam hendrerit nisl eros, eu ultricies magna malesuada non. Maecenas at quam id elit elementum cursus. Cras fermentum arcu purus, ac vulputate sem pretium id. Ut placerat metus turpis, id aliquet sapien placerat eget.</p>

