<ul>
  <li>blabla</li>
  <li>blabla 2
    <ul>
      <li>blabla 2.1</li>
      <li>blabla 2.2</li>
    </ul>
  </li>
  <li>blabla 3
    <ul>
      <li>blabla 3.1
        <ul>
          <li>blabla 3.1.1</li>
        </ul>
      </li>
    </ul>
  </li>
</ul>

<ol>
  <li>blabla</li>
  <li>blabla
    <ol>
      <li>blabla</li>
      <li>blabla</li>
    </ol>
  </li>
  <li>blabla
    <ol>
      <li>blabla
        <ol>
          <li>blabla</li>
        </ol>
      </li>
    </ol>
  </li>
</ol>

