<p>Lorem ipsum dolor sit amet, consectetur adipiscing elit. Integer tempus semper risus, non iaculis nisi. Praesent ut magna auctor, consequat metus in, hendrerit ligula. Maecenas sagittis pulvinar metus, ut blandit ex tincidunt quis. Quisque ullamcorper urna sapien, vitae malesuada libero auctor eget. Etiam eu neque tellus. Nam et purus at orci aliquam malesuada non a libero. Vivamus at condimentum dolor. Duis blandit tincidunt quam, quis pellentesque tellus auctor in. Praesent vel ligula felis. Ut pellentesque scelerisque metus vitae vehicula. Vivamus lacinia rhoncus maximus. Duis id ligula et ex suscipit tincidunt.</p>

<p>Lorem ipsum dolor sit amet, consectetur adipiscing elit. Integer tempus semper risus, non iaculis nisi. Praesent ut magna auctor, consequat metus in, hendrerit ligula. Maecenas sagittis pulvinar metus, ut blandit ex tincidunt quis. Quisque ullamcorper urna sapien, vitae malesuada libero auctor eget. Etiam eu neque tellus. Nam et purus at orci aliquam malesuada non a libero. Vivamus at condimentum dolor. Duis blandit tincidunt quam, quis pellentesque tellus auctor in. Praesent vel ligula felis. Ut pellentesque scelerisque metus vitae vehicula. Vivamus lacinia rhoncus maximus. Duis id ligula et ex suscipit tincidunt.</p>

<p>Lorem ipsum dolor sit amet, consectetur adipiscing elit. Integer tempus semper risus, non iaculis nisi. Praesent ut magna auctor, consequat metus in, hendrerit ligula. Maecenas sagittis pulvinar metus, ut blandit ex tincidunt quis. Quisque ullamcorper urna sapien, vitae malesuada libero auctor eget. Etiam eu neque tellus. Nam et purus at orci aliquam malesuada non a libero. Vivamus at condimentum dolor. Duis blandit tincidunt quam, quis pellentesque tellus auctor in. Praesent vel ligula felis. Ut pellentesque scelerisque metus vitae vehicula. Vivamus lacinia rhoncus maximus. Duis id ligula et ex suscipit tincidunt.</p>

<p>Lorem ipsum dolor sit amet, consectetur adipiscing elit. Integer tempus semper risus, non iaculis nisi. Praesent ut magna auctor, consequat metus in, hendrerit ligula. Maecenas sagittis pulvinar metus, ut blandit ex tincidunt quis. Quisque ullamcorper urna sapien, vitae malesuada libero auctor eget. Etiam eu neque tellus. Nam et purus at orci aliquam malesuada non a libero. Vivamus at condimentum dolor. Duis blandit tincidunt quam, quis pellentesque tellus auctor in. Praesent vel ligula felis. Ut pellentesque scelerisque metus vitae vehicula. Vivamus lacinia rhoncus maximus. Duis id ligula et ex suscipit tincidunt.</p>

